// Jest Snapshot v1, https://goo.gl/fbAQLP

exports[`SeriesConfiguration renders the configuration dialog 1`] = `
<span>
  <div
    className="form-group"
  >
    <label
      className="ControlLabel-sc-1edmum5-0 brPnzl control-label"
    >
      Name
    </label>
    <input
<<<<<<< HEAD
<<<<<<< HEAD
      className="FormControl-sc-1amoaox-0 iqdYiB form-control"
=======
      className="FormControl-sc-1amoaox-0 hdNTyr form-control"
>>>>>>> master
=======
      className="FormControl-sc-1amoaox-0 hdNTyr form-control"
>>>>>>> 13b93a394e81c89be722316e9cc306cd52c3fd91
      onChange={[Function]}
      type="text"
      value="count()"
    />
    <span
      className="HelpBlock-i8is92-0 hCBNCb help-block"
    >
      The name of the series as it appears in the chart.
    </span>
  </div>
  <div
    className="pull-right"
    style={
      Object {
        "marginBottom": "10px",
      }
    }
  >
    <button
      className="Button__StyledButton-c9cbmb-0 kRDLih btn btn-success"
      disabled={false}
      onClick={[Function]}
      type="button"
    >
      Done
    </button>
  </div>
</span>
`;
